// Jest Snapshot v1, https://goo.gl/fbAQLP

exports[`Tao Logger should color the NX prefix 1`] = `
"
[36m>[39m [7m[1m[36m NX [39m[22m[27m [1msome Nx message![22m
"
`;

exports[`Tao Logger should log the full stack trace when an object is being passed 1`] = `
"[1m[31mTypeError: Cannot read property 'target' of undefined[39m[22m
[1m[31m      at /someuser/node_modules/@storybook/angular/dist/ts3.9/server/angular-devkit-build-webpack.js:145:49[39m[22m
[1m[31m      at step (/someuser/node_modules/@storybook/angular/dist/ts3.9/server/angular-devkit-build-webpack.js:69:23)[39m[22m
[1m[31m      at Object.next (/someuser/node_modules/@storybook/angular/dist/ts3.9/server/angular-devkit-build-webpack.js:50:53)[39m[22m
[1m[31m      at fulfilled (/someuser/node_modules/@storybook/angular/dist/ts3.9/server/angular-devkit-build-webpack.js:41:58)[39m[22m"
`;
