// Jest Snapshot v1, https://goo.gl/fbAQLP

exports[`Init MFE should add a remote application and add it to a specified host applications router config 1`] = `
"import { NgModule } from '@angular/core';
import { BrowserModule } from '@angular/platform-browser';

import { AppComponent } from './app.component';
import { NxWelcomeComponent } from './nx-welcome.component';
import { RouterModule } from '@angular/router';

@NgModule({
  declarations: [
    AppComponent,
    NxWelcomeComponent
  ],
  imports: [
    BrowserModule,
    RouterModule.forRoot([{
         path: 'remote1', 
         loadChildren: () => import('remote1/Module').then(m => m.RemoteEntryModule)
     }, {
         path: 'remote2', 
         loadChildren: () => import('remote2/Module').then(m => m.RemoteEntryModule)
     }], {initialNavigation: 'enabledBlocking'})
  ],
  providers: [],
  bootstrap: [AppComponent]
})
export class AppModule { }
"
`;

exports[`Init MFE should add a remote application and add it to a specified host applications webpack config that contains a remote application already 1`] = `
"const ModuleFederationPlugin = require(\\"webpack/lib/container/ModuleFederationPlugin\\");
const mf = require(\\"@angular-architects/module-federation/webpack\\");
const path = require(\\"path\\");
const share = mf.share;

/**
* We use the NX_TSCONFIG_PATH environment variable when using the @nrwl/angular:webpack-browser
* builder as it will generate a temporary tsconfig file which contains any required remappings of
* shared libraries.
* A remapping will occur when a library is buildable, as webpack needs to know the location of the
* built files for the buildable library.
* This NX_TSCONFIG_PATH environment variable is set by the @nrwl/angular:webpack-browser and it contains
* the location of the generated temporary tsconfig file.
*/
const tsConfigPath = process.env.NX_TSCONFIG_PATH ?? path.join(__dirname, '../../tsconfig.base.json');

const workspaceRootPath = path.join(__dirname, '../../');
const sharedMappings = new mf.SharedMappings();
sharedMappings.register(tsConfigPath, [
  /* mapped paths to share */
], workspaceRootPath);

module.exports = {
  output: {
    uniqueName: \\"app1\\",
    publicPath: \\"auto\\",
  },
  optimization: {
    runtimeChunk: false,
  },
  experiments: {
    outputModule: true
  },
  resolve: {
    alias: {
      ...sharedMappings.getAliases(),
    },
  },
  plugins: [
    new ModuleFederationPlugin({
      remotes: {
    		\\"remote1\\": 'http://localhost:4201/remoteEntry.js',
    		\\"remote2\\": 'http://localhost:4202/remoteEntry.js',
      
      },
      shared: share({
        \\"@angular/core\\": { singleton: true, strictVersion: true, requiredVersion: 'auto', includeSecondaries: true },
        \\"@angular/common\\": { singleton: true, strictVersion: true, requiredVersion: 'auto', includeSecondaries: true },
        \\"@angular/common/http\\": { singleton: true, strictVersion: true, requiredVersion: 'auto', includeSecondaries: true },
        \\"@angular/router\\": { singleton: true, strictVersion: true, requiredVersion: 'auto', includeSecondaries: true },
        \\"rxjs\\": { singleton: true, strictVersion: true, requiredVersion: 'auto', includeSecondaries: true },
        ...sharedMappings.getDescriptors(),
      }),
      library: { 
        type: 'module' 
      },
    }),
    sharedMappings.getPlugin(),
  ],
};
"
`;

exports[`Init MFE should add a remote application and add it to a specified host applications webpack config when no other remote has been added to it 1`] = `
"const ModuleFederationPlugin = require(\\"webpack/lib/container/ModuleFederationPlugin\\");
const mf = require(\\"@angular-architects/module-federation/webpack\\");
const path = require(\\"path\\");
const share = mf.share;

/**
* We use the NX_TSCONFIG_PATH environment variable when using the @nrwl/angular:webpack-browser
* builder as it will generate a temporary tsconfig file which contains any required remappings of
* shared libraries.
* A remapping will occur when a library is buildable, as webpack needs to know the location of the
* built files for the buildable library.
* This NX_TSCONFIG_PATH environment variable is set by the @nrwl/angular:webpack-browser and it contains
* the location of the generated temporary tsconfig file.
*/
const tsConfigPath = process.env.NX_TSCONFIG_PATH ?? path.join(__dirname, '../../tsconfig.base.json');

const workspaceRootPath = path.join(__dirname, '../../');
const sharedMappings = new mf.SharedMappings();
sharedMappings.register(tsConfigPath, [
  /* mapped paths to share */
], workspaceRootPath);

module.exports = {
  output: {
    uniqueName: \\"app1\\",
    publicPath: \\"auto\\",
  },
  optimization: {
    runtimeChunk: false,
  },
  experiments: {
    outputModule: true
  },
  resolve: {
    alias: {
      ...sharedMappings.getAliases(),
    },
  },
  plugins: [
    new ModuleFederationPlugin({
      remotes: {
    		\\"remote1\\": 'http://localhost:4200/remoteEntry.js',
      
      },
      shared: share({
        \\"@angular/core\\": { singleton: true, strictVersion: true, requiredVersion: 'auto', includeSecondaries: true },
        \\"@angular/common\\": { singleton: true, strictVersion: true, requiredVersion: 'auto', includeSecondaries: true },
        \\"@angular/common/http\\": { singleton: true, strictVersion: true, requiredVersion: 'auto', includeSecondaries: true },
        \\"@angular/router\\": { singleton: true, strictVersion: true, requiredVersion: 'auto', includeSecondaries: true },
        \\"rxjs\\": { singleton: true, strictVersion: true, requiredVersion: 'auto', includeSecondaries: true },
        ...sharedMappings.getDescriptors(),
      }),
      library: { 
        type: 'module' 
      },
    }),
    sharedMappings.getPlugin(),
  ],
};
"
`;

exports[`Init MFE should create webpack configs correctly 1`] = `
"const ModuleFederationPlugin = require(\\"webpack/lib/container/ModuleFederationPlugin\\");
const mf = require(\\"@angular-architects/module-federation/webpack\\");
const path = require(\\"path\\");
const share = mf.share;

/**
* We use the NX_TSCONFIG_PATH environment variable when using the @nrwl/angular:webpack-browser
* builder as it will generate a temporary tsconfig file which contains any required remappings of
* shared libraries.
* A remapping will occur when a library is buildable, as webpack needs to know the location of the
* built files for the buildable library.
* This NX_TSCONFIG_PATH environment variable is set by the @nrwl/angular:webpack-browser and it contains
* the location of the generated temporary tsconfig file.
*/
const tsConfigPath = process.env.NX_TSCONFIG_PATH ?? path.join(__dirname, '../../tsconfig.base.json');

const workspaceRootPath = path.join(__dirname, '../../');
const sharedMappings = new mf.SharedMappings();
sharedMappings.register(tsConfigPath, [
  /* mapped paths to share */
], workspaceRootPath);

module.exports = {
  output: {
    uniqueName: \\"app1\\",
    publicPath: \\"auto\\",
  },
  optimization: {
    runtimeChunk: false,
  },
  experiments: {
    outputModule: true
  },
  resolve: {
    alias: {
      ...sharedMappings.getAliases(),
    },
  },
  plugins: [
    new ModuleFederationPlugin({
      remotes: {
      
      },
      shared: share({
        \\"@angular/core\\": { singleton: true, strictVersion: true, requiredVersion: 'auto', includeSecondaries: true },
        \\"@angular/common\\": { singleton: true, strictVersion: true, requiredVersion: 'auto', includeSecondaries: true },
        \\"@angular/common/http\\": { singleton: true, strictVersion: true, requiredVersion: 'auto', includeSecondaries: true },
        \\"@angular/router\\": { singleton: true, strictVersion: true, requiredVersion: 'auto', includeSecondaries: true },
        \\"rxjs\\": { singleton: true, strictVersion: true, requiredVersion: 'auto', includeSecondaries: true },
        ...sharedMappings.getDescriptors(),
      }),
      library: { 
        type: 'module' 
      },
    }),
    sharedMappings.getPlugin(),
  ],
};
"
`;

exports[`Init MFE should create webpack configs correctly 2`] = `
"const ModuleFederationPlugin = require(\\"webpack/lib/container/ModuleFederationPlugin\\");
const mf = require(\\"@angular-architects/module-federation/webpack\\");
const path = require(\\"path\\");
const share = mf.share;

/**
* We use the NX_TSCONFIG_PATH environment variable when using the @nrwl/angular:webpack-browser
* builder as it will generate a temporary tsconfig file which contains any required remappings of
* shared libraries.
* A remapping will occur when a library is buildable, as webpack needs to know the location of the
* built files for the buildable library.
* This NX_TSCONFIG_PATH environment variable is set by the @nrwl/angular:webpack-browser and it contains
* the location of the generated temporary tsconfig file.
*/
const tsConfigPath = process.env.NX_TSCONFIG_PATH ?? path.join(__dirname, '../../tsconfig.base.json');

const workspaceRootPath = path.join(__dirname, '../../');
const sharedMappings = new mf.SharedMappings();
sharedMappings.register(tsConfigPath, [
  /* mapped paths to share */
], workspaceRootPath);

module.exports = {
  output: {
    uniqueName: \\"remote1\\",
    publicPath: \\"auto\\",
  },
  optimization: {
    runtimeChunk: false,
  },
  experiments: {
    outputModule: true
  },
  resolve: {
    alias: {
      ...sharedMappings.getAliases(),
    },
  },
  plugins: [
    new ModuleFederationPlugin({
      name: \\"remote1\\",
      filename: \\"remoteEntry.js\\",
      exposes: {
        './Module': 'apps/remote1/src/app/remote-entry/entry.module.ts',
      },
      shared: share({
        \\"@angular/core\\": { singleton: true, strictVersion: true, requiredVersion: 'auto', includeSecondaries: true },
        \\"@angular/common\\": { singleton: true, strictVersion: true, requiredVersion: 'auto', includeSecondaries: true },
        \\"@angular/common/http\\": { singleton: true, strictVersion: true, requiredVersion: 'auto', includeSecondaries: true },
        \\"@angular/router\\": { singleton: true, strictVersion: true, requiredVersion: 'auto', includeSecondaries: true },
        \\"rxjs\\": { singleton: true, strictVersion: true, requiredVersion: 'auto', includeSecondaries: true },
        ...sharedMappings.getDescriptors(),
      }),
      library: { 
        type: 'module' 
      },
    }),
    sharedMappings.getPlugin(),
  ],
};
"
`;
