// Jest Snapshot v1, https://goo.gl/fbAQLP

exports[`@nrwl/storybook:init dependencies for package.json should add angular related dependencies when using Angular as uiFramework 1`] = `
Object {
  "dependencies": Object {
    "existing": "1.0.0",
  },
  "devDependencies": Object {
    "@angular/forms": "*",
    "@nrwl/storybook": "~6.4.12",
    "@storybook/addon-essentials": "~6.4.12",
    "@storybook/angular": "~6.4.12",
    "@storybook/builder-webpack5": "~6.4.12",
    "@storybook/manager-webpack5": "~6.4.12",
    "existing": "1.0.0",
  },
  "name": "test-name",
}
`;
